// Jest Snapshot v1, https://goo.gl/fbAQLP

exports[`fakeUUID() faulty argument throws TypeError 1`] = `"The "data" argument must be of type string or an instance of Buffer, TypedArray, or DataView. Received type number (123)"`;

exports[`fakeUUID() faulty argument throws TypeError 2`] = `"The "data" argument must be of type string or an instance of Buffer, TypedArray, or DataView. Received an instance of Object"`;

exports[`fakeUUID() seed "Lorem ipsum" 1`] = `"94912be8-b3fb-47d4-161e-a50e5948c629"`;

exports[`fakeUUID() seed "a" 1`] = `"86f7e437-faa5-a7fc-e15d-1ddcb9eaeaea"`;
